2026-10-07 01:35:00 [pid 52574] [executor-core] ARM: fired on L=0x15d039d70 G=0x122d95110 rc=-21
2026-10-07 01:35:01 [pid 52574] [executor-core] ARM: fired on L=0x15d039ce0 G=0x122d95110 rc=-21
2026-10-07 01:35:01 [pid 52574] [executor-core] ARM: fired on L=0x15d039bc0 G=0x122d95110 rc=-21
2026-10-07 01:35:01 [pid 52574] [executor-core] ARM: fired on L=0x15d039b30 G=0x122d95110 rc=-21
2026-10-07 01:35:01 [pid 52574] [executor-core] ARM: fired on L=0x15e26cdb0 G=0x122d95110 rc=-21
2026-10-07 01:35:02 [pid 52574] [executor-core] ARM: fired on L=0x15d0393e0 G=0x122d95110 rc=-21
2026-10-07 01:35:02 [pid 52574] [executor-core] ARM: fired on L=0x15d0389c0 G=0x122d95110 rc=-21
2026-10-07 01:35:02 [pid 52574] [executor-core] ARM: fired on L=0x15d038930 G=0x122d95110 rc=-21
2026-10-07 01:35:03 [pid 52574] [executor-core] ARM: fired on L=0x15d0388a0 G=0x122d95110 rc=-21
2026-10-07 01:35:03 [pid 52574] [executor-core] ARM: fired on L=0x15d038780 G=0x122d95110 rc=-21
2026-10-07 01:35:03 [pid 52574] [executor-core] ARM: fired on L=0x15d0386f0 G=0x122d95110 rc=-21
2026-10-07 01:35:03 [pid 52574] [executor-core] ARM: fired on L=0x15d038660 G=0x122d95110 rc=-21
2026-10-07 01:35:04 [pid 52574] [executor-core] ARM: fired on L=0x15d038540 G=0x122d95110 rc=-21
2026-10-07 01:35:04 [pid 52574] [executor-core] ARM: fired on L=0x15d0384b0 G=0x122d95110 rc=-21
2026-10-07 01:35:04 [pid 52574] [executor-core] ARM: fired on L=0x15d038420 G=0x122d95110 rc=-21
2026-10-07 01:35:04 [pid 52574] [executor-core] ARM: fired on L=0x15d038390 G=0x122d95110 rc=-21
2026-10-07 01:35:05 [pid 52574] [executor-core] ARM: fired on L=0x15d038270 G=0x122d95110 rc=-21
2026-10-07 01:35:05 [pid 52574] [executor-core] ARM: fired on L=0x15d0381e0 G=0x122d95110 rc=-21
2026-10-07 01:35:05 [pid 52574] [executor-core] ARM: fired on L=0x15d038150 G=0x122d95110 rc=-21
2026-10-07 01:35:06 [pid 52574] [executor-core] ARM: fired on L=0x15d03be10 G=0x122d95110 rc=-21
2026-10-07 01:35:06 [pid 52574] [executor-core] ARM: fired on L=0x15d03b3f0 G=0x122d95110 rc=-21
2026-10-07 01:35:06 [pid 52574] [executor-core] ARM: fired on L=0x15d03ae50 G=0x122d95110 rc=-21
2026-10-07 01:35:06 [pid 52574] [executor-core] ARM: fired on L=0x15d03a1f0 G=0x122d95110 rc=-21
2026-10-07 01:35:07 [pid 52574] [executor-core] ARM: fired on L=0x1582a3f30 G=0x122d95110 rc=-21
2026-10-07 01:35:07 [pid 52574] [executor-core] ARM: fired on L=0x1582a3ea0 G=0x122d95110 rc=-21
2026-10-07 01:35:07 [pid 52574] [executor-core] ARM: fired on L=0x1582a3d80 G=0x122d95110 rc=-21
2026-10-07 01:35:07 [pid 52574] [executor-core] ARM: fired on L=0x1582a3c60 G=0x122d95110 rc=-21
2026-10-07 01:35:08 [pid 52574] [executor-core] ARM: fired on L=0x1582a3a20 G=0x122d95110 rc=-21
2026-10-07 01:35:08 [pid 52574] [executor-core] ARM: fired on L=0x1582a3990 G=0x122d95110 rc=-21
2026-10-07 01:35:08 [pid 52574] [executor-core] ARM: fired on L=0x1582a3870 G=0x122d95110 rc=-21
2026-10-07 01:35:09 [pid 52574] [executor-core] ARM: fired on L=0x1582a3750 G=0x122d95110 rc=-21
2026-10-07 01:35:09 [pid 52574] [executor-core] ARM: fired on L=0x1582a36c0 G=0x122d95110 rc=-21
2026-10-07 01:35:09 [pid 52574] [executor-core] ARM: fired on L=0x1582a3480 G=0x122d95110 rc=-21
2026-10-07 01:35:09 [pid 52574] [executor-core] ARM: fired on L=0x1582a33f0 G=0x122d95110 rc=-21
2026-10-07 01:35:10 [pid 52574] [executor-core] ARM: fired on L=0x1582a32d0 G=0x122d95110 rc=-21
2026-10-07 01:35:10 [pid 52574] [executor-core] ARM: fired on L=0x1582a3240 G=0x122d95110 rc=-21
2026-10-07 01:35:10 [pid 52574] [executor-core] ARM: fired on L=0x1582a31b0 G=0x122d95110 rc=-21
2026-10-07 01:35:10 [pid 52574] [executor-core] ARM: fired on L=0x1582a3000 G=0x122d95110 rc=-21
2026-10-07 01:35:11 [pid 52574] [executor-core] ARM: fired on L=0x1582a2f70 G=0x122d95110 rc=-21
2026-10-07 01:35:11 [pid 52574] [executor-core] ARM: fired on L=0x1582a2ee0 G=0x122d95110 rc=-21
2026-10-07 01:35:11 [pid 52574] [executor-core] ARM: fired on L=0x1582a2d30 G=0x122d95110 rc=-21
2026-10-07 01:35:11 [pid 52574] [executor-core] ARM: fired on L=0x1582a2ca0 G=0x122d95110 rc=-21
2026-10-07 01:35:12 [pid 52574] [executor-core] ARM: fired on L=0x1582a2c10 G=0x122d95110 rc=-21
2026-10-07 01:35:27 [pid 52574] [executor-core] ARM: fired on L=0x15d42f000 G=0x122d95110 rc=-21
2026-10-07 01:35:27 [pid 52574] [executor-core] ARM: fired on L=0x15d42eaf0 G=0x122d95110 rc=-21
2026-10-07 01:35:27 [pid 52574] [executor-core] ARM: fired on L=0x15d42e9d0 G=0x122d95110 rc=-21
2026-10-07 01:35:28 [pid 52574] [executor-core] ARM: fired on L=0x15d42e940 G=0x122d95110 rc=-21
2026-10-07 01:35:28 [pid 52574] [executor-core] ARM: fired on L=0x15d42e820 G=0x122d95110 rc=-21
2026-10-07 01:35:28 [pid 52574] [executor-core] ARM: fired on L=0x15d42e790 G=0x122d95110 rc=-21
2026-10-07 01:35:28 [pid 52574] [executor-core] ARM: fired on L=0x15d42e700 G=0x122d95110 rc=-21
2026-10-07 01:35:29 [pid 52574] [executor-core] ARM: fired on L=0x15d42e5e0 G=0x122d95110 rc=-21
2026-10-07 01:35:29 [pid 52574] [executor-core] ARM: fired on L=0x15d42e550 G=0x122d95110 rc=-21
2026-10-07 01:35:29 [pid 52574] [executor-core] ARM: fired on L=0x15d42e4c0 G=0x122d95110 rc=-21
2026-10-07 01:35:30 [pid 52574] [executor-core] ARM: fired on L=0x15d42e310 G=0x122d95110 rc=-21
2026-10-07 01:35:30 [pid 52574] [executor-core] ARM: fired on L=0x15d42e280 G=0x122d95110 rc=-21
2026-10-07 01:35:30 [pid 52574] [executor-core] ARM: fired on L=0x15d42e1f0 G=0x122d95110 rc=-21
2026-10-07 01:35:30 [pid 52574] [executor-core] ARM: fired on L=0x15d42e160 G=0x122d95110 rc=-21
2026-10-07 01:35:31 [pid 52574] [executor-core] ARM: fired on L=0x15d42e040 G=0x122d95110 rc=-21
2026-10-07 01:35:31 [pid 52574] [executor-core] ARM: fired on L=0x15d42dfb0 G=0x122d95110 rc=-21
2026-10-07 01:35:31 [pid 52574] [executor-core] ARM: fired on L=0x15d42df20 G=0x122d95110 rc=-21
2026-10-07 01:35:31 [pid 52574] [executor-core] ARM: fired on L=0x15d42de90 G=0x122d95110 rc=-21
2026-10-07 01:35:32 [pid 52574] [executor-core] ARM: fired on L=0x15d42dce0 G=0x122d95110 rc=-21
2026-10-07 01:35:32 [pid 52574] [executor-core] ARM: fired on L=0x15d42dc50 G=0x122d95110 rc=-21
2026-10-07 01:35:32 [pid 52574] [executor-core] ARM: fired on L=0x15d42dbc0 G=0x122d95110 rc=-21
2026-10-07 01:35:33 [pid 52574] [executor-core] ARM: fired on L=0x15d42daa0 G=0x122d95110 rc=-21
2026-10-07 01:35:33 [pid 52574] [executor-core] ARM: fired on L=0x15d42da10 G=0x122d95110 rc=-21
2026-10-07 01:35:33 [pid 52574] [executor-core] ARM: fired on L=0x15d42d980 G=0x122d95110 rc=-21
2026-10-07 01:35:33 [pid 52574] [executor-core] ARM: fired on L=0x15d42d8f0 G=0x122d95110 rc=-21
2026-10-07 01:35:34 [pid 52574] [executor-core] ARM: fired on L=0x15d42d740 G=0x122d95110 rc=-21
2026-10-07 01:35:34 [pid 52574] [executor-core] ARM: fired on L=0x15d42d6b0 G=0x122d95110 rc=-21
2026-10-07 01:35:34 [pid 52574] [executor-core] ARM: fired on L=0x15d42d620 G=0x122d95110 rc=-21
2026-10-07 01:35:34 [pid 52574] [executor-core] ARM: fired on L=0x15d42d500 G=0x122d95110 rc=-21
2026-10-07 01:35:35 [pid 52574] [executor-core] ARM: fired on L=0x15d42d3e0 G=0x122d95110 rc=-21
2026-10-07 01:35:35 [pid 52574] [executor-core] ARM: fired on L=0x15d42d350 G=0x122d95110 rc=-21
2026-10-07 01:35:35 [pid 52574] [executor-core] ARM: fired on L=0x15d42d230 G=0x122d95110 rc=-21
2026-10-07 01:35:35 [pid 52574] [executor-core] ARM: fired on L=0x15d42cff0 G=0x122d95110 rc=-21
2026-10-07 01:35:36 [pid 52574] [executor-core] ARM: fired on L=0x15d42cf60 G=0x122d95110 rc=-21
2026-10-07 01:35:36 [pid 52574] [executor-core] ARM: fired on L=0x15d42ced0 G=0x122d95110 rc=-21
2026-10-07 01:35:36 [pid 52574] [executor-core] ARM: fired on L=0x15d42cd20 G=0x122d95110 rc=-21
2026-10-07 01:35:37 [pid 52574] [executor-core] ARM: fired on L=0x15d42cc90 G=0x122d95110 rc=-21
2026-10-07 01:35:37 [pid 52574] [executor-core] ARM: fired on L=0x15d42cc00 G=0x122d95110 rc=-21
2026-10-07 01:35:37 [pid 52574] [executor-core] ARM: fired on L=0x15d42ca50 G=0x122d95110 rc=-21
2026-10-07 01:35:37 [pid 52574] [executor-core] ARM: fired on L=0x15d42c8a0 G=0x122d95110 rc=-21
2026-10-07 01:35:38 [pid 52574] [executor-core] ARM: fired on L=0x15d42c810 G=0x122d95110 rc=-21
2026-10-07 01:35:38 [pid 52574] [executor-core] ARM: fired on L=0x15d42c540 G=0x122d95110 rc=-21
2026-10-07 01:35:38 [pid 52574] [executor-core] ARM: fired on L=0x15d42c420 G=0x122d95110 rc=-21
2026-10-07 01:35:38 [pid 52574] [executor-core] ARM: fired on L=0x15d42c390 G=0x122d95110 rc=-21
2026-10-07 01:35:39 [pid 52574] [executor-core] ARM: fired on L=0x15d42c300 G=0x122d95110 rc=-21
2026-10-07 01:35:39 [pid 52574] [executor-core] ARM: fired on L=0x15d42c1e0 G=0x122d95110 rc=-21
2026-10-07 01:35:39 [pid 52574] [executor-core] ARM: fired on L=0x15d42ffc0 G=0x122d95110 rc=-21
2026-10-07 01:35:39 [pid 52574] [executor-core] ARM: fired on L=0x15d42ff30 G=0x122d95110 rc=-21
2026-10-07 01:35:40 [pid 52574] [executor-core] ARM: fired on L=0x15d42f510 G=0x122d95110 rc=-21
2026-10-07 01:35:40 [pid 52574] [executor-core] ARM: fired on L=0x15d42f3f0 G=0x122d95110 rc=-21
2026-10-07 01:35:55 [pid 52574] [executor-core] UNHOOK_PCALL: restored 16 bytes @0x1069b9e64
2026-10-07 01:35:55 [pid 52574] [executor-core] HOOK_PCALL: fn=0x1069b9e64 first16=f44fbea9 fd7b01a9 fd430091 f40301aa
2026-10-07 01:35:55 [pid 52574] [executor-core] HOOK_PCALL: fn=0x1069b9e64 tramp=0x17f84a000 wide=1 orig_n=4
2026-10-07 01:35:56 [pid 52574] [executor-core] ARM: fired on L=0x15dff0d20 G=0x122d95110 rc=0
2026-10-07 01:36:32 [pid 52574] [executor-core] ARM: fired on L=0x15ea51590 G=0x122d95110 rc=0
2026-10-07 01:36:34 [pid 52574] [executor-core] ARM: fired on L=0x155fd3090 G=0x122d95110 rc=0
2026-10-07 01:36:35 [pid 52574] [executor-core] ARM: fired on L=0x155fd25e0 G=0x122d95110 rc=0
2026-10-07 01:36:36 [pid 52574] [executor-core] ARM: fired on L=0x174341590 G=0x122d95110 rc=0
2026-10-07 01:36:37 [pid 52574] [executor-core] ARM: fired on L=0x174341590 G=0x122d95110 rc=0
2026-10-07 01:36:38 [pid 52574] [executor-core] ARM: fired on L=0x155ffb240 G=0x122d95110 rc=0
2026-10-07 01:37:05 [pid 52574] [executor-core] ARM: fired on L=0x171491860 G=0x122d95110 rc=-21
2026-10-07 01:44:38 [pid 52574] [executor-core] HOOK_PCALL: fn=0x1069b9e64 first16=50000058 00021fd6 00a0847f 01000000
2026-10-07 01:44:38 [pid 52574] [executor-core] HOOK_PCALL: re-pointed stale patch @0x1069b9e64 -> new tramp 0x165276000 (recovered orig insns from 0x17f84a000)
2026-10-07 01:44:39 [pid 52574] [executor-core] ARM: fired on L=0x157244540 G=0x122d95110 rc=0
2026-10-07 01:49:39 [pid 68195] [executor-core] HOOK_PCALL: fn=0x107281e64 first16=f44fbea9 fd7b01a9 fd430091 f40301aa
2026-10-07 01:49:39 [pid 68195] [executor-core] HOOK_PCALL: fn page RW refused (kr=2), trying VM_PROT_COPY
2026-10-07 01:49:39 [pid 68195] [executor-core] HOOK_PCALL: fn=0x107281e64 tramp=0x1358ba000 wide=1 orig_n=4
2026-10-07 01:49:39 [pid 68195] [executor-core] ARM: fired on L=0x175aa3e10 G=0x1572e5110 rc=0
2026-10-07 01:49:40 [pid 68195] [executor-core] ARM: fired on L=0x175aa3e10 G=0x1572e5110 rc=0
2026-10-07 01:49:42 [pid 68195] [executor-core] ARM: fired on L=0x175aa3e10 G=0x1572e5110 rc=0
2026-10-07 01:49:43 [pid 68195] [executor-core] ARM: fired on L=0x175aa3e10 G=0x1572e5110 rc=0
2026-10-07 01:49:44 [pid 68195] [executor-core] ARM: fired on L=0x175aa3e10 G=0x1572e5110 rc=0
2026-10-07 01:49:46 [pid 68195] [executor-core] ARM: fired on L=0x175aa3e10 G=0x1572e5110 rc=0
2026-10-07 01:49:47 [pid 68195] [executor-core] ARM: fired on L=0x175aa3e10 G=0x1572e5110 rc=0
2026-10-07 01:50:22 [pid 68195] [executor-core] ARM: fired on L=0x175aa3e10 G=0x1572e5110 rc=0
2026-10-07 01:50:23 [pid 68195] [executor-core] ARM: fired on L=0x175aa3e10 G=0x1572e5110 rc=0
2026-10-07 01:50:54 [pid 68195] [executor-core] ARM: fired on L=0x175aa3e10 G=0x1572e5110 rc=-21
